../Core/Src/main.c:91:1:__io_putchar	16	static
../Core/Src/main.c:108:5:main	8	static
../Core/Src/main.c:192:6:SystemClock_Config	88	static
../Core/Src/main.c:238:13:MX_ETH_Init	8	static
../Core/Src/main.c:287:13:MX_USART3_UART_Init	8	static
../Core/Src/main.c:320:13:MX_USB_OTG_FS_PCD_Init	8	static
../Core/Src/main.c:355:13:MX_GPIO_Init	56	static
../Core/Src/main.c:416:6:sendPing	16	static
../Core/Src/main.c:437:6:blinkLED	16	static
../Core/Src/main.c:457:6:HAL_TIM_PeriodElapsedCallback	16	static
../Core/Src/main.c:474:6:Error_Handler	4	static,ignoring_inline_asm
