../Core/Src/main.c:82:1:__io_putchar	16	static
../Core/Src/main.c:99:5:main	8	static
../Core/Src/main.c:184:6:SystemClock_Config	88	static
../Core/Src/main.c:230:13:MX_USART3_UART_Init	8	static
../Core/Src/main.c:263:13:MX_USB_OTG_FS_PCD_Init	8	static
../Core/Src/main.c:298:13:MX_GPIO_Init	56	static
../Core/Src/main.c:359:6:sendPing	16	static
../Core/Src/main.c:388:6:blinkLED	16	static
../Core/Src/main.c:410:6:HAL_TIM_PeriodElapsedCallback	16	static
../Core/Src/main.c:427:6:Error_Handler	4	static,ignoring_inline_asm
