21:45:05 **** Incremental Build of configuration Debug for project freeEthernet ****
make -j7 all 
arm-none-eabi-gcc "../Core/Src/main.c" -mcpu=cortex-m4 -std=gnu11 -g3 -DDEBUG -DUSE_HAL_DRIVER -DSTM32F429xx -c -I../Core/Inc -I../Drivers/STM32F4xx_HAL_Driver/Inc -I../Drivers/STM32F4xx_HAL_Driver/Inc/Legacy -I../Middlewares/Third_Party/FreeRTOS/Source/include -I../Middlewares/Third_Party/FreeRTOS/Source/CMSIS_RTOS_V2 -I../Middlewares/Third_Party/FreeRTOS/Source/portable/GCC/ARM_CM4F -I../Drivers/CMSIS/Device/ST/STM32F4xx/Include -I../Drivers/CMSIS/Include -O0 -ffunction-sections -fdata-sections -Wall -fstack-usage -fcyclomatic-complexity -MMD -MP -MF"Core/Src/main.d" -MT"Core/Src/main.o" --specs=nano.specs -mfpu=fpv4-sp-d16 -mfloat-abi=hard -mthumb -o "Core/Src/main.o"
arm-none-eabi-gcc "../Core/Src/syscalls.c" -mcpu=cortex-m4 -std=gnu11 -g3 -DDEBUG -DUSE_HAL_DRIVER -DSTM32F429xx -c -I../Core/Inc -I../Drivers/STM32F4xx_HAL_Driver/Inc -I../Drivers/STM32F4xx_HAL_Driver/Inc/Legacy -I../Middlewares/Third_Party/FreeRTOS/Source/include -I../Middlewares/Third_Party/FreeRTOS/Source/CMSIS_RTOS_V2 -I../Middlewares/Third_Party/FreeRTOS/Source/portable/GCC/ARM_CM4F -I../Drivers/CMSIS/Device/ST/STM32F4xx/Include -I../Drivers/CMSIS/Include -O0 -ffunction-sections -fdata-sections -Wall -fstack-usage -fcyclomatic-complexity -MMD -MP -MF"Core/Src/syscalls.d" -MT"Core/Src/syscalls.o" --specs=nano.specs -mfpu=fpv4-sp-d16 -mfloat-abi=hard -mthumb -o "Core/Src/syscalls.o"
arm-none-eabi-gcc -o "freeEthernet.elf" @"objects.list"   -mcpu=cortex-m4 -T"/Users/robert/Desktop/STM32/GraviTE/freeEthernet/STM32F429ZITX_FLASH.ld" --specs=nosys.specs -Wl,-Map="freeEthernet.map" -Wl,--gc-sections -static --specs=nano.specs -mfpu=fpv4-sp-d16 -mfloat-abi=hard -mthumb -Wl,--start-group -lc -lm -Wl,--end-group
Finished building target: freeEthernet.elf
 
arm-none-eabi-size  freeEthernet.elf 
arm-none-eabi-objdump -h -S freeEthernet.elf  > "freeEthernet.list"
   text	   data	    bss	    dec	    hex	filename
  28780	    116	  22636	  51532	   c94c	freeEthernet.elf
Finished building: default.size.stdout
 
Finished building: freeEthernet.list
 
21:45:10 **** Incremental Build of configuration Debug for project freeEthernet ****
make -j7 all 
arm-none-eabi-size  freeEthernet.elf 
   text	   data	    bss	    dec	    hex	filename
  28780	    116	  22636	  51532	   c94c	freeEthernet.elf
Finished building: default.size.stdout
 
22:04:02 **** Incremental Build of configuration Debug for project freeEthernet ****
make -j7 all 
arm-none-eabi-gcc "../Core/Src/main.c" -mcpu=cortex-m4 -std=gnu11 -g3 -DDEBUG -DUSE_HAL_DRIVER -DSTM32F429xx -c -I../Core/Inc -I../Drivers/STM32F4xx_HAL_Driver/Inc -I../Drivers/STM32F4xx_HAL_Driver/Inc/Legacy -I../Middlewares/Third_Party/FreeRTOS/Source/include -I../Middlewares/Third_Party/FreeRTOS/Source/CMSIS_RTOS_V2 -I../Middlewares/Third_Party/FreeRTOS/Source/portable/GCC/ARM_CM4F -I../Drivers/CMSIS/Device/ST/STM32F4xx/Include -I../Drivers/CMSIS/Include -O0 -ffunction-sections -fdata-sections -Wall -fstack-usage -fcyclomatic-complexity -MMD -MP -MF"Core/Src/main.d" -MT"Core/Src/main.o" --specs=nano.specs -mfpu=fpv4-sp-d16 -mfloat-abi=hard -mthumb -o "Core/Src/main.o"
arm-none-eabi-gcc -o "freeEthernet.elf" @"objects.list"   -mcpu=cortex-m4 -T"/Users/robert/Desktop/STM32/GraviTE/freeEthernet/STM32F429ZITX_FLASH.ld" --specs=nosys.specs -Wl,-Map="freeEthernet.map" -Wl,--gc-sections -static --specs=nano.specs -mfpu=fpv4-sp-d16 -mfloat-abi=hard -mthumb -Wl,--start-group -lc -lm -Wl,--end-group
Finished building target: freeEthernet.elf
 
arm-none-eabi-size  freeEthernet.elf 
arm-none-eabi-objdump -h -S freeEthernet.elf  > "freeEthernet.list"
   text	   data	    bss	    dec	    hex	filename
  28812	    116	  22636	  51564	   c96c	freeEthernet.elf
Finished building: default.size.stdout
 
Finished building: freeEthernet.list
 
